2025-11-20 17:53:40 [main] INFO  com.beishuo.beishuoApplication - Starting beishuoApplication using Java 17.0.16 on ANSTER with PID 25436 (C:\Users\13539\Desktop\beishuo-backend\target\classes started by 13539 in C:\Users\13539\Desktop\beishuo-backend)
2025-11-20 17:53:40 [main] DEBUG com.beishuo.beishuoApplication - Running with Spring Boot v2.7.18, Spring v5.3.31
2025-11-20 17:53:40 [main] INFO  com.beishuo.beishuoApplication - The following 1 profile is active: "dev"
2025-11-20 17:53:41 [main] INFO  o.s.boot.web.embedded.tomcat.TomcatWebServer - Tomcat initialized with port(s): 8080 (http)
2025-11-20 17:53:41 [main] INFO  org.apache.catalina.core.StandardService - Starting service [Tomcat]
2025-11-20 17:53:41 [main] INFO  org.apache.catalina.core.StandardEngine - Starting Servlet engine: [Apache Tomcat/9.0.83]
2025-11-20 17:53:41 [main] INFO  o.a.c.c.ContainerBase.[Tomcat].[localhost].[/api] - Initializing Spring embedded WebApplicationContext
2025-11-20 17:53:41 [main] INFO  o.s.b.w.s.c.ServletWebServerApplicationContext - Root WebApplicationContext: initialization completed in 1014 ms
2025-11-20 17:53:41 [main] DEBUG com.beishuo.filter.JwtAuthenticationFilter - Filter 'jwtAuthenticationFilter' configured for use
2025-11-20 17:53:41 [main] DEBUG org.springframework.web.filter.CorsFilter - Filter 'corsFilter' configured for use
2025-11-20 17:53:41 [main] WARN  o.s.b.a.s.s.UserDetailsServiceAutoConfiguration - 

Using generated security password: 14bf5b43-b09f-4097-8778-f0c09268b783

This generated password is for development use only. Your security configuration must be updated before running your application in production.

2025-11-20 17:53:41 [main] DEBUG o.s.s.w.a.e.ExpressionBasedFilterInvocationSecurityMetadataSource - Adding web access control expression [permitAll] for Ant [pattern='/**']
2025-11-20 17:53:41 [main] DEBUG o.s.s.w.a.e.ExpressionBasedFilterInvocationSecurityMetadataSource - Adding web access control expression [authenticated] for any request
2025-11-20 17:53:41 [main] INFO  o.s.security.web.DefaultSecurityFilterChain - Will secure any request with [org.springframework.security.web.session.DisableEncodeUrlFilter@4a8a0099, org.springframework.security.web.context.request.async.WebAsyncManagerIntegrationFilter@7c1447b5, org.springframework.security.web.context.SecurityContextPersistenceFilter@4f8d86e4, org.springframework.security.web.header.HeaderWriterFilter@dd2856e, org.springframework.security.web.authentication.logout.LogoutFilter@7e307087, org.springframework.security.web.savedrequest.RequestCacheAwareFilter@1697f2b3, org.springframework.security.web.servletapi.SecurityContextHolderAwareRequestFilter@25d0cb3a, org.springframework.security.web.authentication.AnonymousAuthenticationFilter@49e4c2d5, org.springframework.security.web.session.SessionManagementFilter@31142d58, org.springframework.security.web.access.ExceptionTranslationFilter@4694f434, org.springframework.security.web.access.intercept.FilterSecurityInterceptor@40729f01]
2025-11-20 17:53:41 [main] DEBUG o.s.w.s.m.m.a.RequestMappingHandlerAdapter - ControllerAdvice beans: 0 @ModelAttribute, 0 @InitBinder, 1 RequestBodyAdvice, 1 ResponseBodyAdvice
2025-11-20 17:53:41 [main] DEBUG o.s.w.s.m.m.a.RequestMappingHandlerMapping - 33 mappings in 'requestMappingHandlerMapping'
2025-11-20 17:53:41 [main] DEBUG o.s.web.servlet.handler.SimpleUrlHandlerMapping - Patterns [/webjars/**, /**, /uploads/**] in 'resourceHandlerMapping'
2025-11-20 17:53:41 [main] DEBUG o.s.w.s.m.m.a.ExceptionHandlerExceptionResolver - ControllerAdvice beans: 1 @ExceptionHandler, 1 ResponseBodyAdvice
2025-11-20 17:53:41 [main] INFO  o.s.boot.web.embedded.tomcat.TomcatWebServer - Tomcat started on port(s): 8080 (http) with context path '/api'
2025-11-20 17:53:41 [main] INFO  com.beishuo.beishuoApplication - Started beishuoApplication in 1.968 seconds (JVM running for 2.693)
2025-11-20 19:40:11 [main] INFO  com.beishuo.beishuoApplication - Starting beishuoApplication using Java 17.0.16 on ANSTER with PID 43444 (C:\Users\13539\Desktop\beishuo-backend\target\classes started by 13539 in C:\Users\13539\Desktop\beishuo-backend)
2025-11-20 19:40:11 [main] DEBUG com.beishuo.beishuoApplication - Running with Spring Boot v2.7.18, Spring v5.3.31
2025-11-20 19:40:11 [main] INFO  com.beishuo.beishuoApplication - The following 1 profile is active: "dev"
2025-11-20 19:40:12 [main] INFO  o.s.boot.web.embedded.tomcat.TomcatWebServer - Tomcat initialized with port(s): 8080 (http)
2025-11-20 19:40:12 [main] INFO  org.apache.catalina.core.StandardService - Starting service [Tomcat]
2025-11-20 19:40:12 [main] INFO  org.apache.catalina.core.StandardEngine - Starting Servlet engine: [Apache Tomcat/9.0.83]
2025-11-20 19:40:12 [main] INFO  o.a.c.c.ContainerBase.[Tomcat].[localhost].[/api] - Initializing Spring embedded WebApplicationContext
2025-11-20 19:40:12 [main] INFO  o.s.b.w.s.c.ServletWebServerApplicationContext - Root WebApplicationContext: initialization completed in 1000 ms
2025-11-20 19:40:12 [main] DEBUG com.beishuo.filter.JwtAuthenticationFilter - Filter 'jwtAuthenticationFilter' configured for use
2025-11-20 19:40:12 [main] DEBUG org.springframework.web.filter.CorsFilter - Filter 'corsFilter' configured for use
2025-11-20 19:40:12 [main] WARN  o.s.b.a.s.s.UserDetailsServiceAutoConfiguration - 

Using generated security password: abe36d4f-7b31-4fb4-8042-92bef4669829

This generated password is for development use only. Your security configuration must be updated before running your application in production.

2025-11-20 19:40:12 [main] DEBUG o.s.s.w.a.e.ExpressionBasedFilterInvocationSecurityMetadataSource - Adding web access control expression [permitAll] for Ant [pattern='/**']
2025-11-20 19:40:12 [main] DEBUG o.s.s.w.a.e.ExpressionBasedFilterInvocationSecurityMetadataSource - Adding web access control expression [authenticated] for any request
2025-11-20 19:40:12 [main] INFO  o.s.security.web.DefaultSecurityFilterChain - Will secure any request with [org.springframework.security.web.session.DisableEncodeUrlFilter@5c7dfc05, org.springframework.security.web.context.request.async.WebAsyncManagerIntegrationFilter@345d053b, org.springframework.security.web.context.SecurityContextPersistenceFilter@6e3eb0cd, org.springframework.security.web.header.HeaderWriterFilter@4976085, org.springframework.security.web.authentication.logout.LogoutFilter@21eee94f, org.springframework.security.web.savedrequest.RequestCacheAwareFilter@659feb22, org.springframework.security.web.servletapi.SecurityContextHolderAwareRequestFilter@2b2954e1, org.springframework.security.web.authentication.AnonymousAuthenticationFilter@3d0cac1f, org.springframework.security.web.session.SessionManagementFilter@5f5effb0, org.springframework.security.web.access.ExceptionTranslationFilter@338766de, org.springframework.security.web.access.intercept.FilterSecurityInterceptor@4a8a0099]
2025-11-20 19:40:12 [main] DEBUG o.s.w.s.m.m.a.RequestMappingHandlerAdapter - ControllerAdvice beans: 0 @ModelAttribute, 0 @InitBinder, 1 RequestBodyAdvice, 1 ResponseBodyAdvice
2025-11-20 19:40:12 [main] DEBUG o.s.w.s.m.m.a.RequestMappingHandlerMapping - 33 mappings in 'requestMappingHandlerMapping'
2025-11-20 19:40:12 [main] DEBUG o.s.web.servlet.handler.SimpleUrlHandlerMapping - Patterns [/webjars/**, /**, /uploads/**] in 'resourceHandlerMapping'
2025-11-20 19:40:12 [main] DEBUG o.s.w.s.m.m.a.ExceptionHandlerExceptionResolver - ControllerAdvice beans: 1 @ExceptionHandler, 1 ResponseBodyAdvice
2025-11-20 19:40:12 [main] INFO  o.s.boot.web.embedded.tomcat.TomcatWebServer - Tomcat started on port(s): 8080 (http) with context path '/api'
2025-11-20 19:40:12 [main] INFO  com.beishuo.beishuoApplication - Started beishuoApplication in 1.977 seconds (JVM running for 2.302)
2025-11-20 19:40:29 [main] INFO  com.beishuo.beishuoApplication - Starting beishuoApplication using Java 17.0.16 on ANSTER with PID 44056 (C:\Users\13539\Desktop\beishuo-backend\target\classes started by 13539 in C:\Users\13539\Desktop\beishuo-backend)
2025-11-20 19:40:29 [main] DEBUG com.beishuo.beishuoApplication - Running with Spring Boot v2.7.18, Spring v5.3.31
2025-11-20 19:40:29 [main] INFO  com.beishuo.beishuoApplication - The following 1 profile is active: "dev"
2025-11-20 19:40:29 [main] INFO  o.s.boot.web.embedded.tomcat.TomcatWebServer - Tomcat initialized with port(s): 8080 (http)
2025-11-20 19:40:29 [main] INFO  org.apache.catalina.core.StandardService - Starting service [Tomcat]
2025-11-20 19:40:29 [main] INFO  org.apache.catalina.core.StandardEngine - Starting Servlet engine: [Apache Tomcat/9.0.83]
2025-11-20 19:40:29 [main] INFO  o.a.c.c.ContainerBase.[Tomcat].[localhost].[/api] - Initializing Spring embedded WebApplicationContext
2025-11-20 19:40:29 [main] INFO  o.s.b.w.s.c.ServletWebServerApplicationContext - Root WebApplicationContext: initialization completed in 854 ms
2025-11-20 19:40:30 [main] DEBUG com.beishuo.filter.JwtAuthenticationFilter - Filter 'jwtAuthenticationFilter' configured for use
2025-11-20 19:40:30 [main] DEBUG org.springframework.web.filter.CorsFilter - Filter 'corsFilter' configured for use
2025-11-20 19:40:30 [main] WARN  o.s.b.a.s.s.UserDetailsServiceAutoConfiguration - 

Using generated security password: 20d6b8de-b710-4c6c-ad54-ef57d17c526f

This generated password is for development use only. Your security configuration must be updated before running your application in production.

2025-11-20 19:40:30 [main] DEBUG o.s.s.w.a.e.ExpressionBasedFilterInvocationSecurityMetadataSource - Adding web access control expression [permitAll] for Ant [pattern='/**']
2025-11-20 19:40:30 [main] DEBUG o.s.s.w.a.e.ExpressionBasedFilterInvocationSecurityMetadataSource - Adding web access control expression [authenticated] for any request
2025-11-20 19:40:30 [main] INFO  o.s.security.web.DefaultSecurityFilterChain - Will secure any request with [org.springframework.security.web.session.DisableEncodeUrlFilter@2fd64b11, org.springframework.security.web.context.request.async.WebAsyncManagerIntegrationFilter@949c598, org.springframework.security.web.context.SecurityContextPersistenceFilter@77bc2e16, org.springframework.security.web.header.HeaderWriterFilter@6993c8df, org.springframework.security.web.authentication.logout.LogoutFilter@254449bb, org.springframework.security.web.savedrequest.RequestCacheAwareFilter@20a7953c, org.springframework.security.web.servletapi.SecurityContextHolderAwareRequestFilter@4e83a98, org.springframework.security.web.authentication.AnonymousAuthenticationFilter@43d3aba5, org.springframework.security.web.session.SessionManagementFilter@53ed80d3, org.springframework.security.web.access.ExceptionTranslationFilter@2f894ad9, org.springframework.security.web.access.intercept.FilterSecurityInterceptor@2b7e8044]
2025-11-20 19:40:30 [main] DEBUG o.s.w.s.m.m.a.RequestMappingHandlerAdapter - ControllerAdvice beans: 0 @ModelAttribute, 0 @InitBinder, 1 RequestBodyAdvice, 1 ResponseBodyAdvice
2025-11-20 19:40:30 [main] DEBUG o.s.w.s.m.m.a.RequestMappingHandlerMapping - 33 mappings in 'requestMappingHandlerMapping'
2025-11-20 19:40:30 [main] DEBUG o.s.web.servlet.handler.SimpleUrlHandlerMapping - Patterns [/webjars/**, /**, /uploads/**] in 'resourceHandlerMapping'
2025-11-20 19:40:30 [main] DEBUG o.s.w.s.m.m.a.ExceptionHandlerExceptionResolver - ControllerAdvice beans: 1 @ExceptionHandler, 1 ResponseBodyAdvice
2025-11-20 19:40:30 [main] INFO  o.s.boot.web.embedded.tomcat.TomcatWebServer - Tomcat started on port(s): 8080 (http) with context path '/api'
2025-11-20 19:40:30 [main] INFO  com.beishuo.beishuoApplication - Started beishuoApplication in 1.678 seconds (JVM running for 1.922)
